
Running 15 tests using 1 worker

  Γ£ô   1 [chromium] ΓÇ║ e2e\export-panel.spec.ts:17:3 ΓÇ║ ExportPanel ΓÇö core ΓÇ║ panel renders heading, format select, and export button (19.4s)
  Γ£ô   2 [chromium] ΓÇ║ e2e\export-panel.spec.ts:23:3 ΓÇ║ ExportPanel ΓÇö core ΓÇ║ format selector has CSV and GeoJSON options (11.4s)
  Γ£ô   3 [chromium] ΓÇ║ e2e\export-panel.spec.ts:36:3 ΓÇ║ ExportPanel ΓÇö core ΓÇ║ selecting CSV format sets the select value (14.3s)
  Γ£ô   4 [chromium] ΓÇ║ e2e\export-panel.spec.ts:42:3 ΓÇ║ ExportPanel ΓÇö core ΓÇ║ selecting GeoJSON format sets the select value (15.3s)
  Γ£ô   5 [chromium] ΓÇ║ e2e\export-panel.spec.ts:50:3 ΓÇ║ ExportPanel ΓÇö export action ΓÇ║ clicking export shows a result state (21.6s)
  Γ£ô   6 [chromium] ΓÇ║ e2e\export-panel.spec.ts:64:3 ΓÇ║ ExportPanel ΓÇö export action ΓÇ║ export with CSV format does not crash (14.2s)
  Γ£ô   7 [chromium] ΓÇ║ e2e\export-panel.spec.ts:73:3 ΓÇ║ ExportPanel ΓÇö export action ΓÇ║ export with GeoJSON format does not crash (13.9s)
  Γ£ô   8 [chromium] ΓÇ║ e2e\export-panel.spec.ts:82:3 ΓÇ║ ExportPanel ΓÇö export action ΓÇ║ switching formats between exports does not produce errors (1.7m)
  Γ£ô   9 [chromium] ΓÇ║ e2e\playback-panel.spec.ts:17:3 ΓÇ║ PlaybackPanel ΓÇö core ΓÇ║ panel renders heading and Load Frames button (8.7s)
  Γ£ô  10 [chromium] ΓÇ║ e2e\playback-panel.spec.ts:22:3 ΓÇ║ PlaybackPanel ΓÇö core ΓÇ║ Load Frames triggers API request (18.7s)
  Γ£ô  11 [chromium] ΓÇ║ e2e\playback-panel.spec.ts:35:3 ΓÇ║ PlaybackPanel ΓÇö core ΓÇ║ Load Frames shows loading indicator (16.1s)
  Γ£ô  12 [chromium] ΓÇ║ e2e\playback-panel.spec.ts:47:3 ΓÇ║ PlaybackPanel ΓÇö transport controls after load ΓÇ║ transport controls appear after loading frames (14.3s)
  Γ£ô  13 [chromium] ΓÇ║ e2e\playback-panel.spec.ts:61:3 ΓÇ║ PlaybackPanel ΓÇö transport controls after load ΓÇ║ speed selector has standard options (19.6s)
  Γ£ô  14 [chromium] ΓÇ║ e2e\playback-panel.spec.ts:76:3 ΓÇ║ PlaybackPanel ΓÇö cross-panel interop ΓÇ║ loading frames does not freeze the sidebar ΓÇö can switch tabs (10.3s)
  Γ£ÿ  15 [chromium] ΓÇ║ e2e\playback-panel.spec.ts:87:3 ΓÇ║ PlaybackPanel ΓÇö cross-panel interop ΓÇ║ switching away from Replay and back preserves panel state (1.6m)


  1) [chromium] ΓÇ║ e2e\playback-panel.spec.ts:87:3 ΓÇ║ PlaybackPanel ΓÇö cross-panel interop ΓÇ║ switching away from Replay and back preserves panel state 

    [31mTearing down "context" exceeded the test timeout of 90000ms.[39m

    Error: browserContext.close: Test ended.
    Browser logs:

    <launching> C:\Users\maged\AppData\Local\ms-playwright\chromium_headless_shell-1217\chrome-headless-shell-win64\chrome-headless-shell.exe --disable-field-trial-config --disable-background-networking --disable-background-timer-throttling --disable-backgrounding-occluded-windows --disable-back-forward-cache --disable-breakpad --disable-client-side-phishing-detection --disable-component-extensions-with-background-pages --disable-component-update --no-default-browser-check --disable-default-apps --disable-dev-shm-usage --disable-extensions --disable-features=AvoidUnnecessaryBeforeUnloadCheckSync,BoundaryEventDispatchTracksNodeRemoval,DestroyProfileOnBrowserClose,DialMediaRouteProvider,GlobalMediaControls,HttpsUpgrades,LensOverlay,MediaRouter,PaintHolding,ThirdPartyStoragePartitioning,Translate,AutoDeElevate,RenderDocument,OptimizationHints --enable-features=CDPScreenshotNewSurface --allow-pre-commit-input --disable-hang-monitor --disable-ipc-flooding-protection --disable-popup-blocking --disable-prompt-on-repost --disable-renderer-backgrounding --force-color-profile=srgb --metrics-recording-only --no-first-run --password-store=basic --use-mock-keychain --no-service-autorun --export-tagged-pdf --disable-search-engine-choice-screen --unsafely-disable-devtools-self-xss-warnings --edge-skip-compat-layer-relaunch --enable-automation --disable-infobars --disable-search-engine-choice-screen --disable-sync --enable-unsafe-swiftshader --headless --hide-scrollbars --mute-audio --blink-settings=primaryHoverType=2,availableHoverTypes=2,primaryPointerType=4,availablePointerTypes=4 --no-sandbox --user-data-dir=C:\Users\maged\AppData\Local\Temp\playwright_chromiumdev_profile-XXXXXXMkYgeD --remote-debugging-pipe --no-startup-window
    <launched> pid=37716
    [pid=37716][err] [0405/051248.069:ERROR:gpu\ipc\client\command_buffer_proxy_impl.cc:287] ContextResult::kTransientFailure: Failed to send GpuControl.CreateCommandBuffer.
    [pid=37716][err] [0405/051248.407:INFO:CONSOLE:495] "[vite] connecting...", source: http://localhost:5173/@vite/client (495)
    [pid=37716][err] [0405/051248.690:INFO:CONSOLE:618] "[vite] connected.", source: http://localhost:5173/@vite/client (618)
    [pid=37716][err] [0405/051249.370:INFO:CONSOLE:21551] "%cDownload the React DevTools for a better development experience: https://reactjs.org/link/react-devtools font-weight:bold", source: http://localhost:5173/node_modules/.vite/deps/chunk-AAEUBMPE.js?v=2bfe8f59 (21551)
    [pid=37716][err] [0405/051250.900:ERROR:gpu\command_buffer\service\gl_utils.cc:431] [.WebGL-0x2234001b2c00]GL Driver Message (OpenGL, Performance, GL_CLOSE_PATH_NV, High): GPU stall due to ReadPixels
    [pid=37716][err] [0405/051251.058:INFO:CONSOLE:0] "[.WebGL-0x2234001b2c00]GL Driver Message (OpenGL, Performance, GL_CLOSE_PATH_NV, High): GPU stall due to ReadPixels", source: http://localhost:5173/ (0)
    [pid=37716][err] [0405/051251.617:ERROR:gpu\command_buffer\service\gl_utils.cc:431] [.WebGL-0x223403e8e800]GL Driver Message (OpenGL, Performance, GL_CLOSE_PATH_NV, High): GPU stall due to ReadPixels
    [pid=37716][err] [0405/051251.694:ERROR:gpu\command_buffer\service\gl_utils.cc:431] [.WebGL-0x223403e8e800]GL Driver Message (OpenGL, Performance, GL_CLOSE_PATH_NV, High): GPU stall due to ReadPixels
    [pid=37716][err] [0405/051251.700:INFO:CONSOLE:0] "[.WebGL-0x223403e8e800]GL Driver Message (OpenGL, Performance, GL_CLOSE_PATH_NV, High): GPU stall due to ReadPixels", source: http://localhost:5173/ (0)
    [pid=37716][err] [0405/051251.729:INFO:CONSOLE:0] "[.WebGL-0x223403e8e800]GL Driver Message (OpenGL, Performance, GL_CLOSE_PATH_NV, High): GPU stall due to ReadPixels", source: http://localhost:5173/ (0)
    [pid=37716][err] [0405/051251.873:ERROR:gpu\command_buffer\service\gl_utils.cc:431] [.WebGL-0x2234001b2c00]GL Driver Message (OpenGL, Performance, GL_CLOSE_PATH_NV, High): GPU stall due to ReadPixels (this message will no longer repeat)
    [pid=37716][err] [0405/051252.019:INFO:CONSOLE:0] "[.WebGL-0x2234001b2c00]GL Driver Message (OpenGL, Performance, GL_CLOSE_PATH_NV, High): GPU stall due to ReadPixels (this message will no longer repeat)", source: http://localhost:5173/ (0)
    [pid=37716][err] [0405/051306.304:INFO:CONSOLE:495] "[vite] connecting...", source: http://localhost:5173/@vite/client (495)
    [pid=37716][err] [0405/051306.509:INFO:CONSOLE:618] "[vite] connected.", source: http://localhost:5173/@vite/client (618)
    [pid=37716][err] [0405/051307.155:INFO:CONSOLE:21551] "%cDownload the React DevTools for a better development experience: https://reactjs.org/link/react-devtools font-weight:bold", source: http://localhost:5173/node_modules/.vite/deps/chunk-AAEUBMPE.js?v=2bfe8f59 (21551)
    [pid=37716][err] [0405/051318.014:INFO:CONSOLE:495] "[vite] connecting...", source: http://localhost:5173/@vite/client (495)
    [pid=37716][err] [0405/051318.213:INFO:CONSOLE:618] "[vite] connected.", source: http://localhost:5173/@vite/client (618)
    [pid=37716][err] [0405/051319.034:INFO:CONSOLE:21551] "%cDownload the React DevTools for a better development experience: https://reactjs.org/link/react-devtools font-weight:bold", source: http://localhost:5173/node_modules/.vite/deps/chunk-AAEUBMPE.js?v=2bfe8f59 (21551)
    [pid=37716][err] [0405/051332.886:INFO:CONSOLE:495] "[vite] connecting...", source: http://localhost:5173/@vite/client (495)
    [pid=37716][err] [0405/051333.109:INFO:CONSOLE:618] "[vite] connected.", source: http://localhost:5173/@vite/client (618)
    [pid=37716][err] [0405/051334.259:INFO:CONSOLE:21551] "%cDownload the React DevTools for a better development experience: https://reactjs.org/link/react-devtools font-weight:bold", source: http://localhost:5173/node_modules/.vite/deps/chunk-AAEUBMPE.js?v=2bfe8f59 (21551)
    [pid=37716][err] [0405/051348.273:INFO:CONSOLE:495] "[vite] connecting...", source: http://localhost:5173/@vite/client (495)
    [pid=37716][err] [0405/051348.824:INFO:CONSOLE:618] "[vite] connected.", source: http://localhost:5173/@vite/client (618)
    [pid=37716][err] [0405/051349.543:INFO:CONSOLE:21551] "%cDownload the React DevTools for a better development experience: https://reactjs.org/link/react-devtools font-weight:bold", source: http://localhost:5173/node_modules/.vite/deps/chunk-AAEUBMPE.js?v=2bfe8f59 (21551)
    [pid=37716][err] [0405/051408.079:INFO:CONSOLE:495] "[vite] connecting...", source: http://localhost:5173/@vite/client (495)
    [pid=37716][err] [0405/051408.314:INFO:CONSOLE:618] "[vite] connected.", source: http://localhost:5173/@vite/client (618)
    [pid=37716][err] [0405/051409.201:INFO:CONSOLE:21551] "%cDownload the React DevTools for a better development experience: https://reactjs.org/link/react-devtools font-weight:bold", source: http://localhost:5173/node_modules/.vite/deps/chunk-AAEUBMPE.js?v=2bfe8f59 (21551)
    [pid=37716][err] [0405/051422.628:INFO:CONSOLE:495] "[vite] connecting...", source: http://localhost:5173/@vite/client (495)
    [pid=37716][err] [0405/051422.725:INFO:CONSOLE:618] "[vite] connected.", source: http://localhost:5173/@vite/client (618)
    [pid=37716][err] [0405/051423.462:INFO:CONSOLE:21551] "%cDownload the React DevTools for a better development experience: https://reactjs.org/link/react-devtools font-weight:bold", source: http://localhost:5173/node_modules/.vite/deps/chunk-AAEUBMPE.js?v=2bfe8f59 (21551)
    [pid=37716][err] [0405/051436.582:INFO:CONSOLE:495] "[vite] connecting...", source: http://localhost:5173/@vite/client (495)
    [pid=37716][err] [0405/051437.124:INFO:CONSOLE:618] "[vite] connected.", source: http://localhost:5173/@vite/client (618)
    [pid=37716][err] [0405/051437.907:INFO:CONSOLE:21551] "%cDownload the React DevTools for a better development experience: https://reactjs.org/link/react-devtools font-weight:bold", source: http://localhost:5173/node_modules/.vite/deps/chunk-AAEUBMPE.js?v=2bfe8f59 (21551)
    [pid=37716][err] [0405/051616.280:INFO:CONSOLE:495] "[vite] connecting...", source: http://localhost:5173/@vite/client (495)
    [pid=37716][err] [0405/051616.486:INFO:CONSOLE:618] "[vite] connected.", source: http://localhost:5173/@vite/client (618)
    [pid=37716][err] [0405/051616.989:INFO:CONSOLE:21551] "%cDownload the React DevTools for a better development experience: https://reactjs.org/link/react-devtools font-weight:bold", source: http://localhost:5173/node_modules/.vite/deps/chunk-AAEUBMPE.js?v=2bfe8f59 (21551)
    [pid=37716][err] [0405/051624.639:INFO:CONSOLE:495] "[vite] connecting...", source: http://localhost:5173/@vite/client (495)
    [pid=37716][err] [0405/051624.851:INFO:CONSOLE:618] "[vite] connected.", source: http://localhost:5173/@vite/client (618)
    [pid=37716][err] [0405/051625.754:INFO:CONSOLE:21551] "%cDownload the React DevTools for a better development experience: https://reactjs.org/link/react-devtools font-weight:bold", source: http://localhost:5173/node_modules/.vite/deps/chunk-AAEUBMPE.js?v=2bfe8f59 (21551)
    [pid=37716][err] [0405/051644.453:INFO:CONSOLE:495] "[vite] connecting...", source: http://localhost:5173/@vite/client (495)
    [pid=37716][err] [0405/051644.640:INFO:CONSOLE:618] "[vite] connected.", source: http://localhost:5173/@vite/client (618)
    [pid=37716][err] [0405/051645.305:INFO:CONSOLE:21551] "%cDownload the React DevTools for a better development experience: https://reactjs.org/link/react-devtools font-weight:bold", source: http://localhost:5173/node_modules/.vite/deps/chunk-AAEUBMPE.js?v=2bfe8f59 (21551)
    [pid=37716][err] [0405/051701.925:INFO:CONSOLE:495] "[vite] connecting...", source: http://localhost:5173/@vite/client (495)
    [pid=37716][err] [0405/051702.362:INFO:CONSOLE:618] "[vite] connected.", source: http://localhost:5173/@vite/client (618)
    [pid=37716][err] [0405/051703.154:INFO:CONSOLE:21551] "%cDownload the React DevTools for a better development experience: https://reactjs.org/link/react-devtools font-weight:bold", source: http://localhost:5173/node_modules/.vite/deps/chunk-AAEUBMPE.js?v=2bfe8f59 (21551)
    [pid=37716][err] [0405/051714.786:INFO:CONSOLE:495] "[vite] connecting...", source: http://localhost:5173/@vite/client (495)
    [pid=37716][err] [0405/051715.074:INFO:CONSOLE:618] "[vite] connected.", source: http://localhost:5173/@vite/client (618)
    [pid=37716][err] [0405/051715.816:INFO:CONSOLE:21551] "%cDownload the React DevTools for a better development experience: https://reactjs.org/link/react-devtools font-weight:bold", source: http://localhost:5173/node_modules/.vite/deps/chunk-AAEUBMPE.js?v=2bfe8f59 (21551)
    [pid=37716][err] [0405/051734.119:INFO:CONSOLE:495] "[vite] connecting...", source: http://localhost:5173/@vite/client (495)
    [pid=37716][err] [0405/051734.272:INFO:CONSOLE:618] "[vite] connected.", source: http://localhost:5173/@vite/client (618)
    [pid=37716][err] [0405/051735.086:INFO:CONSOLE:21551] "%cDownload the React DevTools for a better development experience: https://reactjs.org/link/react-devtools font-weight:bold", source: http://localhost:5173/node_modules/.vite/deps/chunk-AAEUBMPE.js?v=2bfe8f59 (21551)
    [pid=37716][err] [0405/051745.101:INFO:CONSOLE:495] "[vite] connecting...", source: http://localhost:5173/@vite/client (495)
    [pid=37716][err] [0405/051745.375:INFO:CONSOLE:618] "[vite] connected.", source: http://localhost:5173/@vite/client (618)
    [pid=37716][err] [0405/051746.013:INFO:CONSOLE:21551] "%cDownload the React DevTools for a better development experience: https://reactjs.org/link/react-devtools font-weight:bold", source: http://localhost:5173/node_modules/.vite/deps/chunk-AAEUBMPE.js?v=2bfe8f59 (21551)
    [pid=37716] <gracefully close start>

    attachment #1: screenshot (image/png) ΓöÇΓöÇΓöÇΓöÇΓöÇΓöÇΓöÇΓöÇΓöÇΓöÇΓöÇΓöÇΓöÇΓöÇΓöÇΓöÇΓöÇΓöÇΓöÇΓöÇΓöÇΓöÇΓöÇΓöÇΓöÇΓöÇΓöÇΓöÇΓöÇΓöÇΓöÇΓöÇΓöÇΓöÇΓöÇΓöÇΓöÇΓöÇΓöÇΓöÇΓöÇΓöÇΓöÇΓöÇΓöÇΓöÇΓöÇΓöÇΓöÇΓöÇΓöÇΓöÇΓöÇΓöÇΓöÇΓöÇΓöÇΓöÇ
    test-results\playback-panel-PlaybackPan-fbb2c--back-preserves-panel-state-chromium\test-failed-1.png
    ΓöÇΓöÇΓöÇΓöÇΓöÇΓöÇΓöÇΓöÇΓöÇΓöÇΓöÇΓöÇΓöÇΓöÇΓöÇΓöÇΓöÇΓöÇΓöÇΓöÇΓöÇΓöÇΓöÇΓöÇΓöÇΓöÇΓöÇΓöÇΓöÇΓöÇΓöÇΓöÇΓöÇΓöÇΓöÇΓöÇΓöÇΓöÇΓöÇΓöÇΓöÇΓöÇΓöÇΓöÇΓöÇΓöÇΓöÇΓöÇΓöÇΓöÇΓöÇΓöÇΓöÇΓöÇΓöÇΓöÇΓöÇΓöÇΓöÇΓöÇΓöÇΓöÇΓöÇΓöÇΓöÇΓöÇΓöÇΓöÇΓöÇΓöÇΓöÇΓöÇΓöÇΓöÇΓöÇΓöÇΓöÇΓöÇΓöÇΓöÇΓöÇΓöÇΓöÇΓöÇΓöÇΓöÇΓöÇΓöÇΓöÇΓöÇΓöÇΓöÇΓöÇΓöÇΓöÇΓöÇ

    Error Context: test-results\playback-panel-PlaybackPan-fbb2c--back-preserves-panel-state-chromium\error-context.md

    attachment #3: trace (application/zip) ΓöÇΓöÇΓöÇΓöÇΓöÇΓöÇΓöÇΓöÇΓöÇΓöÇΓöÇΓöÇΓöÇΓöÇΓöÇΓöÇΓöÇΓöÇΓöÇΓöÇΓöÇΓöÇΓöÇΓöÇΓöÇΓöÇΓöÇΓöÇΓöÇΓöÇΓöÇΓöÇΓöÇΓöÇΓöÇΓöÇΓöÇΓöÇΓöÇΓöÇΓöÇΓöÇΓöÇΓöÇΓöÇΓöÇΓöÇΓöÇΓöÇΓöÇΓöÇΓöÇΓöÇΓöÇΓöÇΓöÇΓöÇ
    test-results\playback-panel-PlaybackPan-fbb2c--back-preserves-panel-state-chromium\trace.zip
    Usage:

        npx playwright show-trace test-results\playback-panel-PlaybackPan-fbb2c--back-preserves-panel-state-chromium\trace.zip

    ΓöÇΓöÇΓöÇΓöÇΓöÇΓöÇΓöÇΓöÇΓöÇΓöÇΓöÇΓöÇΓöÇΓöÇΓöÇΓöÇΓöÇΓöÇΓöÇΓöÇΓöÇΓöÇΓöÇΓöÇΓöÇΓöÇΓöÇΓöÇΓöÇΓöÇΓöÇΓöÇΓöÇΓöÇΓöÇΓöÇΓöÇΓöÇΓöÇΓöÇΓöÇΓöÇΓöÇΓöÇΓöÇΓöÇΓöÇΓöÇΓöÇΓöÇΓöÇΓöÇΓöÇΓöÇΓöÇΓöÇΓöÇΓöÇΓöÇΓöÇΓöÇΓöÇΓöÇΓöÇΓöÇΓöÇΓöÇΓöÇΓöÇΓöÇΓöÇΓöÇΓöÇΓöÇΓöÇΓöÇΓöÇΓöÇΓöÇΓöÇΓöÇΓöÇΓöÇΓöÇΓöÇΓöÇΓöÇΓöÇΓöÇΓöÇΓöÇΓöÇΓöÇΓöÇΓöÇΓöÇ

  1 failed
    [chromium] ΓÇ║ e2e\playback-panel.spec.ts:87:3 ΓÇ║ PlaybackPanel ΓÇö cross-panel interop ΓÇ║ switching away from Replay and back preserves panel state 
  14 passed (6.9m)
